// Jest Snapshot v1, https://goo.gl/fbAQLP

exports[`AppPage AppPage Snapshot 1`] = `
<div
  class="appPage v-pagination v-pagination--right"
>
  <ul>
    <li
      class="disabled v-pagination__list"
    >
      <span>
        Show
      </span>
       
      <select>
        <option>
          10
        </option>
        <option>
          20
        </option>
        <option>
          50
        </option>
        <option>
          100
        </option>
      </select>
    </li>
     
    <li
      class="disabled"
    >
      <a
        href="javascript:void(0);"
      >
        <i
          class="material-icons"
        >
          first_page
        </i>
      </a>
    </li>
     
    <li
      class="disabled"
    >
      <a
        href="javascript:void(0);"
      >
        <i
          class="material-icons"
        >
          chevron_left
        </i>
      </a>
    </li>
     
    <li
      class="disabled info"
    >
      <a>
        
        1 of 0
      
      </a>
    </li>
     
    <li
      class=""
    >
      <a
        href="javascript:void(0);"
      >
        <i
          class="material-icons"
        >
          chevron_right
        </i>
      </a>
    </li>
     
    <li
      class=""
    >
      <a
        href="javascript:void(0);"
      >
        <i
          class="material-icons"
        >
          last_page
        </i>
      </a>
    </li>
  </ul>
</div>
`;
