// Jest Snapshot v1, https://goo.gl/fbAQLP

exports[`TmBtn TmBtn Snapshot 1`] = `
<button
  class="tm-btn"
>
  <span
    class="tm-btn__container"
  >
    <!---->
    <!---->
    <!---->
  </span>
</button>
`;
