// Jest Snapshot v1, https://goo.gl/fbAQLP

exports[`TmListItem TmListItem Snapshot 1`] = `<!---->`;
